../Drivers/BSP/Components/lan8742/lan8742.c:63:10:LAN8742_RegisterBusIO	12	static
../Drivers/BSP/Components/lan8742/lan8742.c:88:10:LAN8742_Init	24	static
../Drivers/BSP/Components/lan8742/lan8742.c:182:9:LAN8742_DeInit	8	static
../Drivers/BSP/Components/lan8742/lan8742.c:207:9:LAN8742_DisablePowerDownMode	16	static
../Drivers/BSP/Components/lan8742/lan8742.c:237:9:LAN8742_EnablePowerDownMode	16	static
../Drivers/BSP/Components/lan8742/lan8742.c:267:9:LAN8742_StartAutoNego	16	static
../Drivers/BSP/Components/lan8742/lan8742.c:303:9:LAN8742_GetLinkState	24	static
../Drivers/BSP/Components/lan8742/lan8742.c:395:9:LAN8742_SetLinkState	24	static
../Drivers/BSP/Components/lan8742/lan8742.c:447:9:LAN8742_EnableLoopbackMode	16	static
../Drivers/BSP/Components/lan8742/lan8742.c:477:9:LAN8742_DisableLoopbackMode	16	static
../Drivers/BSP/Components/lan8742/lan8742.c:517:9:LAN8742_EnableIT	24	static
../Drivers/BSP/Components/lan8742/lan8742.c:557:9:LAN8742_DisableIT	24	static
../Drivers/BSP/Components/lan8742/lan8742.c:596:10:LAN8742_ClearIT	16	static
../Drivers/BSP/Components/lan8742/lan8742.c:626:9:LAN8742_GetITStatus	16	static
